def f(x : int) : int {
 (x : int)
}
(f((0 : int)) : int)

