
((let x = ((ref (10 : int)) : int ref) in ((((x : int ref) := (((! (x : int
ref) : int) + (1 : int)) : int)) : unit); (((x : int ref) := (((! (x : int
ref) : int) + (2 : int)) : int)) : unit); (3 : int) : int)) : int)

