
((let x = (27 : int) in ((let y = (30 : int) in (({ ((let z = (27 : int) in
(tt : unit)) : unit) } : unit); ((let z = (30 : int) in
(z : int)) : int) : int)) : int)) : int)

