
((let abc123___ABC123ABC999__ = (3 : int) in
(abc123___ABC123ABC999__ : int)) : int)

